 bootx64

 Timestamp is 65ac7065 (Sun Jan 21 02:16:21 2024)

 Preferred load address is 0000000180000000

 Start         Length     Name                   Class
 0001:00000000 00007480H .text$mn                CODE
 0001:00007480 000004c0H .text$mn$21             CODE
 0001:00007940 00000b8aH .text$s                 CODE
 0002:00000000 000000b0H .idata$5                DATA
 0002:000000b0 000000e0H .rdata                  DATA
 0002:00000190 00000530H .xdata                  DATA
 0003:00000000 00000050H .data                   DATA
 0003:00000050 00000246H .bss                    DATA
 0004:00000000 000003f0H .pdata                  DATA
 0005:00000000 00000014H .idata$2                DATA
 0005:00000014 00000014H .idata$3                DATA
 0005:00000028 000000b0H .idata$4                DATA
 0005:000000d8 000001f6H .idata$6                DATA

  Address         Publics by Value              Rva+Base               Lib:Object

 0000:00000000       __AbsoluteZero             0000000000000000     <absolute>
 0000:00000000       __arm64x_extra_rfe_table   0000000000000000     <absolute>
 0000:00000000       __arm64x_extra_rfe_table_size 0000000000000000     <absolute>
 0000:00000000       __arm64x_native_entrypoint 0000000000000000     <absolute>
 0000:00000000       __arm64x_redirection_metadata 0000000000000000     <absolute>
 0000:00000000       __arm64x_redirection_metadata_count 0000000000000000     <absolute>
 0000:00000000       __dynamic_value_reloc_table 0000000000000000     <absolute>
 0000:00000000       __enclave_config           0000000000000000     <absolute>
 0000:00000000       __guard_check_icall_a64n_fptr 0000000000000000     <absolute>
 0000:00000000       __guard_eh_cont_count      0000000000000000     <absolute>
 0000:00000000       __guard_eh_cont_table      0000000000000000     <absolute>
 0000:00000000       __guard_fids_count         0000000000000000     <absolute>
 0000:00000000       __guard_fids_table         0000000000000000     <absolute>
 0000:00000000       __guard_iat_count          0000000000000000     <absolute>
 0000:00000000       __guard_iat_table          0000000000000000     <absolute>
 0000:00000000       __guard_longjmp_count      0000000000000000     <absolute>
 0000:00000000       __guard_longjmp_table      0000000000000000     <absolute>
 0000:00000000       __hybrid_auxiliary_delayload_iat 0000000000000000     <absolute>
 0000:00000000       __hybrid_auxiliary_delayload_iat_copy 0000000000000000     <absolute>
 0000:00000000       __hybrid_auxiliary_iat     0000000000000000     <absolute>
 0000:00000000       __hybrid_auxiliary_iat_copy 0000000000000000     <absolute>
 0000:00000000       __hybrid_code_map          0000000000000000     <absolute>
 0000:00000000       __hybrid_code_map_count    0000000000000000     <absolute>
 0000:00000000       __hybrid_image_info_bitfield 0000000000000000     <absolute>
 0000:00000000       __volatile_metadata        0000000000000000     <absolute>
 0000:00000000       __x64_code_ranges_to_entry_points 0000000000000000     <absolute>
 0000:00000000       __x64_code_ranges_to_entry_points_count 0000000000000000     <absolute>
 0000:00000100       __guard_flags              0000000000000100     <absolute>
 0001:00000000       WPP_RECORDER_SF            0000000180001000 f   mouse.obj
 0001:00000001       MouseClassReadCopyData     0000000180001001 f   mouse.obj
 0001:000000db       MouseClassDequeueRead      00000001800010db f   mouse.obj
 0001:0000012e       MouseClassServiceCallback  000000018000112e f   mouse.obj
 0001:0000060c       ?get_bone_position@node@cs@@YAH_KHPEAUvec3@@@Z 000000018000160c f   cs.obj
 0001:00000684       ?get_client_entity@entity@cs@@YA_KH@Z 0000000180001684 f   cs.obj
 0001:00000710       ?get_convar@engine@cs@@YA_KPEBD@Z 0000000180001710 f   cs.obj
 0001:000008b4       ?get_crosshairalpha@cs@@YAHXZ 00000001800018b4 f   cs.obj
 0001:000008ec       ?get_current_ms@engine@cs@@YAKXZ 00000001800018ec f   cs.obj
 0001:0000097c       ?get_dormant@node@cs@@YAE_K@Z 000000018000197c f   cs.obj
 0001:000009b4       ?get_eye_position@player@cs@@YA?AUvec3@@_K@Z 00000001800019b4 f   cs.obj
 0001:000009fc       ?get_fov_multipler@player@cs@@YAM_K@Z 00000001800019fc f   cs.obj
 0001:00000a48       ?get_health@player@cs@@YAK_K@Z 0000000180001a48 f   cs.obj
 0001:00000a80       ?get_hwnd@sdl@cs@@YA_K_K@Z 0000000180001a80 f   cs.obj
 0001:00000ccc       ?get_interface_function@cs@@YA_K_KK@Z 0000000180001ccc f   cs.obj
 0001:00000d38       ?get_life_state@player@cs@@YAH_K@Z 0000000180001d38 f   cs.obj
 0001:00000d70       ?get_local_player_controller@entity@cs@@YA_KXZ 0000000180001d70 f   cs.obj
 0001:00000da8       ?get_node@player@cs@@YA_K_K@Z 0000000180001da8 f   cs.obj
 0001:00000de4       ?get_origin@node@cs@@YA?AUvec3@@_K@Z 0000000180001de4 f   cs.obj
 0001:00000e38       ?get_origin@player@cs@@YA?AUvec3@@_K@Z 0000000180001e38 f   cs.obj
 0001:00000e8c       ?get_player@entity@cs@@YA_K_K@Z 0000000180001e8c f   cs.obj
 0001:00000f48       ?get_sensitivity@mouse@cs@@YAMXZ 0000000180001f48 f   cs.obj
 0001:00000f94       ?get_shots_fired@player@cs@@YAK_K@Z 0000000180001f94 f   cs.obj
 0001:00000fcc       ?get_team_num@player@cs@@YAK_K@Z 0000000180001fcc f   cs.obj
 0001:00001004       ?get_vec_punch@player@cs@@YA?AUvec2@@_K@Z 0000000180002004 f   cs.obj
 0001:00001090       ?get_vec_view@player@cs@@YAM_K@Z 0000000180002090 f   cs.obj
 0001:000010e0       ?get_viewangle@player@cs@@YA?AUvec2@@_K@Z 00000001800020e0 f   cs.obj
 0001:00001128       ?get_viewmatrix@engine@cs@@YA?AUview_matrix_t@@XZ 0000000180002128 f   cs.obj
 0001:00001164       ?get_weapon_class@player@cs@@YA?AW4WEAPON_CLASS@2@_K@Z 0000000180002164 f   cs.obj
 0001:00001514       ?get_window@sdl@cs@@YA_KXZ 0000000180002514 f   cs.obj
 0001:0000154c       ?get_window_data@sdl@cs@@YA_K_K@Z 000000018000254c f   cs.obj
 0001:00001584       ?get_window_info@sdl@cs@@YAH_KPEAUWINDOW_INFO@2@@Z 0000000180002584 f   cs.obj
 0001:000036b8       ?is_button_down@input@cs@@YAHK@Z 00000001800046b8 f   cs.obj
 0001:0000370c       ?is_ffa@gamemode@cs@@YAHXZ 000000018000470c f   cs.obj
 0001:00003750       ?is_player@entity@cs@@YAH_K@Z 0000000180004750 f   cs.obj
 0001:000037b0       ?is_valid@player@cs@@YAH_K0@Z 00000001800047b0 f   cs.obj
 0001:0000380c       ?running@cs@@YAHXZ         000000018000480c f   cs.obj
 0001:00003d90       ?get_fov@math@@YAMUvec2@@Uvec3@@@Z 0000000180004d90 f i features.obj
 0001:0000421c       ?qatan2@math@@YAMMM@Z      000000018000521c f i features.obj
 0001:000042fc       ?qcos@math@@YANN@Z         00000001800052fc f i features.obj
 0001:000043b0       ?qsin@math@@YANN@Z         00000001800053b0 f i features.obj
 0001:00004460       ?reset@features@@YAXXZ     0000000180005460 f   features.obj
 0001:000044a0       ?run@features@@YAXXZ       00000001800054a0 f   features.obj
 0001:00004b28       ?update_settings@features@@YAXXZ 0000000180005b28 f i features.obj
 0001:00004b9c       ?vec_angles@math@@YAXUvec3@@PEAU2@@Z 0000000180005b9c f i features.obj
 0001:00004cdc       ?vec_atd@math@@YA?AUvec3@@U2@@Z 0000000180005cdc f i features.obj
 0001:00004d9c       ?vec_clamp@math@@YAXPEAUvec3@@@Z 0000000180005d9c f i features.obj
 0001:00004e30       ?vec_delta@math@@YA?AUvec3@@U2@0@Z 0000000180005e30 f i features.obj
 0001:00004efc       ?vec_min_max@math@@YA_NUvec3@@000M@Z 0000000180005efc f i features.obj
 0001:000051d0       ?world_to_screen@math@@YA_NAEBUvec2@@AEBUvec3@@AEAU3@Uview_matrix_t@@@Z 00000001800061d0 f i features.obj
 0001:000052e0       ?close@vm@@YAXPEAX@Z       00000001800062e0 f   vm.obj
 0001:000052e4       ?dump_module@vm@@YAPEAXPEAX_KW4VM_MODULE_TYPE@@@Z 00000001800062e4 f   vm.obj
 0001:000052ec       ?dump_module@vmwin@@YAPEAXPEAX_KW4VM_MODULE_TYPE@@@Z 00000001800062ec f i vm.obj
 0001:00005574       ?free_module@vm@@YAXPEAX@Z 0000000180006574 f   vm.obj
 0001:00005584       ?get_module@vm@@YA_KPEAXPEBD@Z 0000000180006584 f   vm.obj
 0001:0000558c       ?get_module@vmwin@@YA_KPEAXPEBD@Z 000000018000658c f i vm.obj
 0001:000057ac       ?get_module_export@vm@@YA_KPEAX_KPEBD@Z 00000001800067ac f   vm.obj
 0001:000057b4       ?get_module_export@vmwin@@YA_KPEAX_KPEBD@Z 00000001800067b4 f   vm.obj
 0001:000059fc       ?get_target_os@vm@@YA?AW4VmOs@@XZ 00000001800069fc f   vm.obj
 0001:00005a00       ?open_process_ex@vm@@YAPEAXPEBD0@Z 0000000180006a00 f   vm.obj
 0001:00005a14       ?read@vm@@YAHPEAX_K01@Z    0000000180006a14 f   vm.obj
 0001:00005a98       ?read_i32w@vmwin@@YA_KPEAX_K@Z 0000000180006a98 f i vm.obj
 0001:00005ac0       ?read_i64@vm@@YA_KPEAX_K@Z 0000000180006ac0 f i vm.obj
 0001:00005aec       ?running@vm@@YAHPEAX@Z     0000000180006aec f   vm.obj
 0001:00005b10       ?scan_pattern@vmwin@@YA_KPEAXPEBD1_K@Z 0000000180006b10 f i vm.obj
 0001:00005c30       ?scan_pattern_direct@vm@@YA_KPEAX_KPEBD2K@Z 0000000180006c30 f   vm.obj
 0001:00005c38       ?scan_pattern_direct@vmwin@@YA_KPEAX_KPEBD2K@Z 0000000180006c38 f   vm.obj
 0001:00005ca4       ?DrawRect@gdi@@YAXPEAXJJJJEEE@Z 0000000180006ca4 f   gdi.obj
 0001:00005d8c       ?FrameRect@gdi@@YA_NPEAUHDC__@@PEBUtagRECT@@PEAUHBRUSH__@@H@Z 0000000180006d8c f   gdi.obj
 0001:00005eb4       ?GetModuleEntry@@YA_KPEBG@Z 0000000180006eb4 f   gdi.obj
 0001:00005f14       ?GetProcAddressQ@@YA_K_KPEBD@Z 0000000180006f14 f   gdi.obj
 0001:00005fb4       ?init@gdi@@YAHXZ           0000000180006fb4 f   gdi.obj
 0001:0000615c       ?DrawRect@client@@YAXPEAXHHHHEEE@Z 000000018000715c f   kernel.obj
 0001:00006164       ?PsGetThreadWin32ThreadHook@km@@YA_K_K@Z 0000000180007164 f   kernel.obj
 0001:00006278       ?initialize@km@@YAE_K@Z    0000000180007278 f   kernel.obj
 0001:00006360       ?memcpy_impl@km@@YAHPEAXPEBX_K@Z 0000000180007360 f   kernel.obj
 0001:00006398       ?mouse1_down@client@@YAXXZ 0000000180007398 f   kernel.obj
 0001:000063a8       ?mouse1_up@client@@YAXXZ   00000001800073a8 f   kernel.obj
 0001:000063b8       ?mouse_move@client@@YAXHH@Z 00000001800073b8 f   kernel.obj
 0001:00006610       ?BlMmMapPhysicalAddressExHook@@YA_JPEA_J_J_KID@Z 0000000180007610 f   main.obj
 0001:000066f4       ?EfiGetSystemTable@@YA_J_KPEA_K1@Z 00000001800076f4 f   main.obj
 0001:00006754       ?GetMemoryAttributesTable@@YAPEAKPEA_K@Z 0000000180007754 f   main.obj
 0001:00006808       ?PressAnyKey@@YAXXZ        0000000180007808 f i main.obj
 0001:0000690c       ?RtlFindExportedRoutineByName@@YA_K_KPEBD@Z 000000018000790c f   main.obj
 0001:000069b4       AllocateImage              00000001800079b4 f   main.obj
 0001:00006bc0       AllocatePagesHook          0000000180007bc0 f   main.obj
 0001:00006cb0       EfiMain                    0000000180007cb0 f   main.obj
 0001:00006ef8       ExitBootServicesHook       0000000180007ef8 f   main.obj
 0001:00007040       ?FindPattern@@YA_K_KPEAE1@Z 0000000180008040 f   utils.obj
 0001:000070f8       ?FindPatternEx@@YAPEAXPEAE_K00@Z 00000001800080f8 f   utils.obj
 0001:00007180       ?GetExportByName@@YA_K_KPEBD@Z 0000000180008180 f   utils.obj
 0001:00007248       ?MemCopy@@YAXPEAX0_K@Z     0000000180008248 f   utils.obj
 0001:00007260       ?SwapMemory2@@YAX_K0@Z     0000000180008260 f   utils.obj
 0001:00007274       ?SwapMemory@@YAX_K00@Z     0000000180008274 f   utils.obj
 0001:000072a4       ?get_caller_base@@YA_K_K@Z 00000001800082a4 f   utils.obj
 0001:000072c4       ?pe_clear_headers@@YAX_K@Z 00000001800082c4 f   utils.obj
 0001:000072e8       ?pe_resolve_imports@@YAH_K0@Z 00000001800082e8 f   utils.obj
 0001:0000738c       ?strcmp_imp@@YAHPEBD0@Z    000000018000838c f   utils.obj
 0001:000073b0       __cpu_features_init        00000001800083b0 f   ntoskrnl:cpuinfo.obj
 0001:00007480       memcpy                     0000000180008480 f   ntoskrnl:memcpy.obj
 0001:00007480       memmove                    0000000180008480 f   ntoskrnl:memcpy.obj
 0001:00007740       memset                     0000000180008740 f   ntoskrnl:memset.obj
 0001:00007740       memset_$fo_default$        0000000180008740     ntoskrnl:memset.obj
 0001:00007880       __memset_repmovs           0000000180008880 f   ntoskrnl:memset.obj
 0001:00007900       __memset_query             0000000180008900 f   ntoskrnl:memset.obj
 0001:00007940       ??_C@_07GAOKNLIA@cs2?4exe@FNODOBFM@ 0000000180008940     cs.obj
 0001:00007950       ??_C@_03EMOPPKHG@cs2@FNODOBFM@ 0000000180008950     cs.obj
 0001:00007960       ??_C@_0L@PHFEFMEF@client?4dll@FNODOBFM@ 0000000180008960     cs.obj
 0001:00007970       ??_C@_0N@IFLPOHOA@libclient?4so@FNODOBFM@ 0000000180008970     cs.obj
 0001:00007980       ??_C@_0M@OCOPCHPD@engine2?4dll@FNODOBFM@ 0000000180008980     cs.obj
 0001:00007990       ??_C@_0O@HAAGNIIC@libengine2?4so@FNODOBFM@ 0000000180008990     cs.obj
 0001:000079a0       ??_C@_08LMILNHCF@SDL3?4dll@FNODOBFM@ 00000001800089a0     cs.obj
 0001:000079b0       ??_C@_0N@OCGBOAIA@libSDL3?4so?40@FNODOBFM@ 00000001800089b0     cs.obj
 0001:000079c0       ??_C@_09LGKBAKDK@tier0?4dll@FNODOBFM@ 00000001800089c0     cs.obj
 0001:000079d0       ??_C@_0M@PPGIEDMC@libtier0?4so@FNODOBFM@ 00000001800089d0     cs.obj
 0001:000079e0       ??_C@_0BA@JBLHMOPO@inputsystem?4dll@FNODOBFM@ 00000001800089e0     cs.obj
 0001:000079f0       ??_C@_0BC@ECKKKEMM@libinputsystem?4so@FNODOBFM@ 00000001800089f0     cs.obj
 0001:00007a10       ??_C@_0BM@CIHLDOFH@?$FLEC?$FN?5CS2?5process?5not?5found?6@FNODOBFM@ 0000000180008a10     cs.obj
 0001:00007a30       ??_C@_0EA@EEBDHPK@?$FLEC?$FN?5C?3?2Users?2Linda?2source?2repo@FNODOBFM@ 0000000180008a30     cs.obj
 0001:00007a70       ??_C@_0BM@PKCAIGFC@GameResourceServiceClientV0@FNODOBFM@ 0000000180008a70     cs.obj
 0001:00007a90       ??_C@_0BF@JHCPPKDJ@SDL_GetKeyboardFocus@FNODOBFM@ 0000000180008a90     cs.obj
 0001:00007ab0       ??_C@_0BC@LJFOIEBJ@SDL_GetMouseState@FNODOBFM@ 0000000180008ab0     cs.obj
 0001:00007ad0       ??_C@_0N@NIGFKCDE@VEngineCvar0@FNODOBFM@ 0000000180008ad0     cs.obj
 0001:00007ae0       ??_C@_0BE@GLOFDLNI@InputSystemVersion0@FNODOBFM@ 0000000180008ae0     cs.obj
 0001:00007b00       ??_C@_0N@CBDBHGDD@xxx?$DP?$DP?$DP?$DPxxxxx@FNODOBFM@ 0000000180008b00     cs.obj
 0001:00007b10       ??_C@_0N@JKBENEDK@H?$ID?$DN?$AA?$AA?$AA?$AA?$AA?$AP?$JF?$MA?C@FNODOBFM@ 0000000180008b10     cs.obj
 0001:00007b20       ??_C@_0P@DOHOHNFG@Source2Client0@FNODOBFM@ 0000000180008b20     cs.obj
 0001:00007b30       ??_C@_0L@ODBCCLKK@xxxxxxxxxx@FNODOBFM@ 0000000180008b30     cs.obj
 0001:00007b40       ??_C@_0L@CBHJOKID@Hc?FH?A?$OA?$AGH?$AD?$AF@FNODOBFM@ 0000000180008b40     cs.obj
 0001:00007b50       ??_C@_0N@DKLBBBNJ@xxxxxx?$DP?$DP?$DP?$DPxx@FNODOBFM@ 0000000180008b50     cs.obj
 0001:00007b60       ??_C@_0N@JMBGFPBI@Hc?BH?$IN?$AN?$AA?$AA?$AA?$AAH?A@FNODOBFM@ 0000000180008b60     cs.obj
 0001:00007b70       ??_C@_0M@JFLMCFNC@sensitivity@FNODOBFM@ 0000000180008b70     cs.obj
 0001:00007b80       ??_C@_0BJ@COACFKBJ@mp_teammates_are_enemies@FNODOBFM@ 0000000180008b80     cs.obj
 0001:00007ba0       ??_C@_0BC@IDDOAIMO@cl_crosshairalpha@FNODOBFM@ 0000000180008ba0     cs.obj
 0001:00007bc0       ??_C@_0CA@JCDLJODM@?$FLEC?$FN?5interfaces?3?3cvar?5?5?5?5?5?5?5?$CFp?6@FNODOBFM@ 0000000180008bc0     cs.obj
 0001:00007be0       ??_C@_0CA@HFLBPJAG@?$FLEC?$FN?5interfaces?3?3input?5?5?5?5?5?5?$CFp?6@FNODOBFM@ 0000000180008be0     cs.obj
 0001:00007c00       ??_C@_0CA@BPHOIPH@?$FLEC?$FN?5interfaces?3?3resource?5?5?5?$CFp?6@FNODOBFM@ 0000000180008c00     cs.obj
 0001:00007c20       ??_C@_0CA@LMOODHIL@?$FLEC?$FN?5interfaces?3?3entity?5?5?5?5?5?$CFp?6@FNODOBFM@ 0000000180008c20     cs.obj
 0001:00007c40       ??_C@_0CA@BIMNMKCL@?$FLEC?$FN?5interfaces?3?3player?5?5?5?5?5?$CFp?6@FNODOBFM@ 0000000180008c40     cs.obj
 0001:00007c60       ??_C@_0CA@CFIANIA@?$FLEC?$FN?5direct?3?3local_player?5?5?5?$CFp?6@FNODOBFM@ 0000000180008c60     cs.obj
 0001:00007c80       ??_C@_0CA@MMMKEGNA@?$FLEC?$FN?5direct?3?3view_angles?5?5?5?5?$CFp?6@FNODOBFM@ 0000000180008c80     cs.obj
 0001:00007ca0       ??_C@_0CA@NOCAKMFK@?$FLEC?$FN?5direct?3?3view_matrix?5?5?5?5?$CFp?6@FNODOBFM@ 0000000180008ca0     cs.obj
 0001:00007cc0       ??_C@_0BG@BENGDCFM@?$FLEC?$FN?5game?5is?5running?6@FNODOBFM@ 0000000180008cc0     cs.obj
 0001:00007ce0       ??_C@_0P@EMLNDDMK@MNetworkEnable@FNODOBFM@ 0000000180008ce0     cs.obj
 0001:00007cf0       ??_C@_09FOIALPOM@m_iHealth@FNODOBFM@ 0000000180008cf0     cs.obj
 0001:00007d00       ??_C@_0N@NNOBMDFJ@?$FLEC?$FN?5?$CFs?0?5?$CFx?6@FNODOBFM@ 0000000180008d00     cs.obj
 0001:00007d10       ??_C@_0L@OEKNBODE@m_iTeamNum@FNODOBFM@ 0000000180008d10     cs.obj
 0001:00007d20       ??_C@_07PBEAOGME@m_hPawn@FNODOBFM@ 0000000180008d20     cs.obj
 0001:00007d30       ??_C@_0M@GDCAJHLF@m_lifeState@FNODOBFM@ 0000000180008d30     cs.obj
 0001:00007d40       ??_C@_0BA@KMCCMGFD@m_vecViewOffset@FNODOBFM@ 0000000180008d40     cs.obj
 0001:00007d50       ??_C@_0BA@JHBGJIGI@m_aimPunchCache@FNODOBFM@ 0000000180008d50     cs.obj
 0001:00007d60       ??_C@_0O@BINGBKKN@m_iShotsFired@FNODOBFM@ 0000000180008d60     cs.obj
 0001:00007d70       ??_C@_0P@PAJMEMKA@m_angEyeAngles@FNODOBFM@ 0000000180008d70     cs.obj
 0001:00007d80       ??_C@_0BJ@MMMALMGC@m_flFOVSensitivityAdjust@FNODOBFM@ 0000000180008d80     cs.obj
 0001:00007da0       ??_C@_0BB@IIGPPMBN@m_pGameSceneNode@FNODOBFM@ 0000000180008da0     cs.obj
 0001:00007dc0       ??_C@_0L@EIFDMEFI@m_bDormant@FNODOBFM@ 0000000180008dc0     cs.obj
 0001:00007dd0       ??_C@_0N@NHCFOJFK@m_modelState@FNODOBFM@ 0000000180008dd0     cs.obj
 0001:00007de0       ??_C@_0M@BAFECOKC@m_vecOrigin@FNODOBFM@ 0000000180008de0     cs.obj
 0001:00007df0       ??_C@_0O@OOJOEFDH@m_iIDEntIndex@FNODOBFM@ 0000000180008df0     cs.obj
 0001:00007e00       ??_C@_0N@BKGJBLBG@m_vOldOrigin@FNODOBFM@ 0000000180008e00     cs.obj
 0001:00007e10       ??_C@_0BC@FLHJOGFG@m_pClippingWeapon@FNODOBFM@ 0000000180008e10     cs.obj
 0001:00007e30       ??_C@_07DPGDFGBA@v_angle@FNODOBFM@ 0000000180008e30     cs.obj
 0001:00007e40       ??_C@_05LDKNOBJL@?4data@FNODOBFM@ 0000000180008e40     cs.obj
 0001:00007e50       ??_C@_0BJ@OEDADOKB@?$FLEC?$FN?5get_convar?5?$FL?$CFs?5?$CFp?$FN?6@FNODOBFM@ 0000000180008e50     cs.obj
 0001:00007e70       ??_C@_05BIPCPIBA@knife@FNODOBFM@ 0000000180008e70     cs.obj
 0001:00007e80       ??_C@_07NFBHKFPC@knife_t@FNODOBFM@ 0000000180008e80     cs.obj
 0001:00007e90       ??_C@_07JOIAFAEI@knifegg@FNODOBFM@ 0000000180008e90     cs.obj
 0001:00007ea0       ??_C@_09MDJNEEPL@hegrenade@FNODOBFM@ 0000000180008ea0     cs.obj
 0001:00007eb0       ??_C@_09FHCANJKL@flashbang@FNODOBFM@ 0000000180008eb0     cs.obj
 0001:00007ec0       ??_C@_0N@LGLLMOFO@smokegrenade@FNODOBFM@ 0000000180008ec0     cs.obj
 0001:00007ed0       ??_C@_05BIGPPNGC@decoy@FNODOBFM@ 0000000180008ed0     cs.obj
 0001:00007ee0       ??_C@_07BGCKODOL@molotov@FNODOBFM@ 0000000180008ee0     cs.obj
 0001:00007ef0       ??_C@_0L@BOANDMBB@incgrenade@FNODOBFM@ 0000000180008ef0     cs.obj
 0001:00007f00       ??_C@_02PBAFKAGD@c4@FNODOBFM@ 0000000180008f00     cs.obj
 0001:00007f10       ??_C@_05OIPMCNPN@ssg08@FNODOBFM@ 0000000180008f10     cs.obj
 0001:00007f20       ??_C@_07MLKHEOGC@hkp2000@FNODOBFM@ 0000000180008f20     cs.obj
 0001:00007f30       ??_C@_06BOLHOKHP@deagle@FNODOBFM@ 0000000180008f30     cs.obj
 0001:00007f40       ??_C@_04GHMLMJIP@p250@FNODOBFM@ 0000000180008f40     cs.obj
 0001:00007f50       ??_C@_05EHJKLNBO@elite@FNODOBFM@ 0000000180008f50     cs.obj
 0001:00007f60       ??_C@_09KEKPBIOE@fiveseven@FNODOBFM@ 0000000180008f60     cs.obj
 0001:00007f70       ??_C@_05KINDNLLC@glock@FNODOBFM@ 0000000180008f70     cs.obj
 0001:00007f80       ??_C@_04HNGCLBBP@tec9@FNODOBFM@ 0000000180008f80     cs.obj
 0001:00007f90       ??_C@_03CDKALHKG@awp@FNODOBFM@ 0000000180008f90     cs.obj
 0001:00007fa0       ??_C@_06KMLOKGCE@scar20@FNODOBFM@ 0000000180008fa0     cs.obj
 0001:00007fb0       ??_C@_05EPACHGIN@g3sg1@FNODOBFM@ 0000000180008fb0     cs.obj
 0001:00007fc0       ??_C@_0BA@OBHPCBFP@CreateInterface@FNODOBFM@ 0000000180008fc0     cs.obj
 0001:00007fd0       ??_C@_1BO@LMGJKJH@?$AAw?$AAi?$AAn?$AA3?$AA2?$AAk?$AAb?$AAa?$AAs?$AAe?$AA?4?$AAs?$AAy?$AAs@FNODOBFM@ 0000000180008fd0     gdi.obj
 0001:00007ff0       ??_C@_1BO@JPPHINID@?$AAw?$AAi?$AAn?$AA3?$AA2?$AAk?$AAf?$AAu?$AAl?$AAl?$AA?4?$AAs?$AAy?$AAs@FNODOBFM@ 0000000180008ff0     gdi.obj
 0001:00008010       ??_C@_0BK@CKGKDPLE@NtUserGetForegroundWindow@FNODOBFM@ 0000000180009010     gdi.obj
 0001:00008030       ??_C@_0M@GNHJGNDG@NtUserGetDC@FNODOBFM@ 0000000180009030     gdi.obj
 0001:00008040       ??_C@_0O@CLKIFNDM@NtUserGetDCEx@FNODOBFM@ 0000000180009040     gdi.obj
 0001:00008050       ??_C@_0M@HGGCGGKJ@NtGdiPatBlt@FNODOBFM@ 0000000180009050     gdi.obj
 0001:00008060       ??_C@_0P@PGPBCIOJ@GreSelectBrush@FNODOBFM@ 0000000180009060     gdi.obj
 0001:00008070       ??_C@_0BA@LILHCIH@NtUserReleaseDC@FNODOBFM@ 0000000180009070     gdi.obj
 0001:00008080       ??_C@_0BG@HEAJCEDJ@NtGdiCreateSolidBrush@FNODOBFM@ 0000000180009080     gdi.obj
 0001:000080a0       ??_C@_0BF@IGOEOJCE@NtGdiDeleteObjectApp@FNODOBFM@ 00000001800090a0     gdi.obj
 0001:000080c0       ??_C@_0BB@KHIKGFPO@NtGdiExtTextOutW@FNODOBFM@ 00000001800090c0     gdi.obj
 0001:000080e0       ??_C@_0M@CEHBBBKH@hfontCreate@FNODOBFM@ 00000001800090e0     gdi.obj
 0001:000080f0       ??_C@_0BA@KNJCBBOB@NtGdiSelectFont@FNODOBFM@ 00000001800090f0     gdi.obj
 0001:00008100       ??_C@_0BC@CBFFAFNP@NtUserPeekMessage@FNODOBFM@ 0000000180009100     kernel.obj
 0001:00008120       ??_C@_0BB@FOFPHJPM@xxxx?$DPxxxx?$DPxxxxxx@FNODOBFM@ 0000000180009120     kernel.obj
 0001:00008140       ??_C@_0BB@MMIFNANM@H?$IJ?2$?$AAH?$IJL$?$AAWH?$ID?l?5A@FNODOBFM@ 0000000180009140     kernel.obj
 0001:00008160       ??_C@_1CC@BLEFHADO@?$AA?2?$AAD?$AAr?$AAi?$AAv?$AAe?$AAr?$AA?2?$AAM?$AAo?$AAu?$AAC?$AAl?$AAa?$AAs@FNODOBFM@ 0000000180009160     kernel.obj
 0001:00008190       ??_C@_1BO@OJMKCPO@?$AA?2?$AAD?$AAr?$AAi?$AAv?$AAe?$AAr?$AA?2?$AAM?$AAo?$AAu?$AAH?$AAI?$AAD@FNODOBFM@ 0000000180009190     kernel.obj
 0001:000081b0       ??_C@_1II@DOBDLELH@?$AA?$FL?$AAb?$AAo?$AAo?$AAt?$AAx?$AA6?$AA4?$AA?4?$AAe?$AAf?$AAi?$AA?$FN?$AA?5?$AAp@FNODOBFM@ 00000001800091b0     main.obj
 0001:00008240       ??_C@_06KHMEPODE@?$PP?$CF?$AA?$AA?$AA?$AA@FNODOBFM@ 0000000180009240     main.obj
 0001:00008250       ??_C@_1FE@MIKFPAFJ@?$AA?$FL?$AAb?$AAo?$AAo?$AAt?$AAx?$AA6?$AA4?$AA?4?$AAe?$AAf?$AAi?$AA?$FN?$AA?5?$AAF@FNODOBFM@ 0000000180009250     main.obj
 0001:000082b0       ??_C@_1GA@DNGAOBGJ@?$AA?$FL?$AAb?$AAo?$AAo?$AAt?$AAx?$AA6?$AA4?$AA?4?$AAe?$AAf?$AAi?$AA?$FN?$AA?5?$AAC@FNODOBFM@ 00000001800092b0     main.obj
 0001:00008310       ??_C@_1GM@DGCEBPEK@?$AA?$FL?$AAb?$AAo?$AAo?$AAt?$AAx?$AA6?$AA4?$AA?4?$AAe?$AAf?$AAi?$AA?$FN?$AA?5?$AAE@FNODOBFM@ 0000000180009310     main.obj
 0001:00008380       ??_C@_1GA@COPKNDMG@?$AA?$FL?$AAb?$AAo?$AAo?$AAt?$AAx?$AA6?$AA4?$AA?4?$AAe?$AAf?$AAi?$AA?$FN?$AA?5?$AAS@FNODOBFM@ 0000000180009380     main.obj
 0001:000083e0       ??_C@_1FC@KBCKKLDC@?$AA?$FL?$AAb?$AAo?$AAo?$AAt?$AAx?$AA6?$AA4?$AA?4?$AAe?$AAf?$AAi?$AA?$FN?$AA?5?$AAF@FNODOBFM@ 00000001800093e0     main.obj
 0001:00008440       ??_C@_0M@PGEMAAMD@NtImageInfo@FNODOBFM@ 0000000180009440     main.obj
 0001:00008450       ??_C@_0BN@DJGIBLGA@RtlFindExportedRoutineByName@FNODOBFM@ 0000000180009450     main.obj
 0001:00008470       ??_C@_0BM@DIAGKIEI@EfiGetMemoryAttributesTable@FNODOBFM@ 0000000180009470     main.obj
 0001:00008490       ??_C@_0BJ@CDBLINBP@BlMmMapPhysicalAddressEx@FNODOBFM@ 0000000180009490     main.obj
 0001:000084b0       ??_C@_0BK@OCMNNDIB@BlMmUnmapVirtualAddressEx@FNODOBFM@ 00000001800094b0     main.obj
 0002:00000000       __imp_DbgPrintEx           000000018000a000     ntoskrnl:ntoskrnl.exe
 0002:00000008       __imp_ExAllocatePoolWithTag 000000018000a008     ntoskrnl:ntoskrnl.exe
 0002:00000010       __imp_ExFreePoolWithTag    000000018000a010     ntoskrnl:ntoskrnl.exe
 0002:00000018       __imp_MmGetPhysicalAddress 000000018000a018     ntoskrnl:ntoskrnl.exe
 0002:00000020       __imp_MmIsAddressValid     000000018000a020     ntoskrnl:ntoskrnl.exe
 0002:00000028       __imp_PsGetProcessImageFileName 000000018000a028     ntoskrnl:ntoskrnl.exe
 0002:00000030       __imp_PsGetProcessExitProcessCalled 000000018000a030     ntoskrnl:ntoskrnl.exe
 0002:00000038       __imp_PsGetProcessPeb      000000018000a038     ntoskrnl:ntoskrnl.exe
 0002:00000040       __imp_PsGetProcessWow64Process 000000018000a040     ntoskrnl:ntoskrnl.exe
 0002:00000048       PsLoadedModuleList         000000018000a048     ntoskrnl:ntoskrnl.exe
 0002:00000048       __imp_PsLoadedModuleList   000000018000a048     ntoskrnl:ntoskrnl.exe
 0002:00000050       __imp_RtlInitUnicodeString 000000018000a050     ntoskrnl:ntoskrnl.exe
 0002:00000058       __imp_KeLowerIrql          000000018000a058     ntoskrnl:ntoskrnl.exe
 0002:00000060       __imp_KfRaiseIrql          000000018000a060     ntoskrnl:ntoskrnl.exe
 0002:00000068       __imp_KeAcquireSpinLockAtDpcLevel 000000018000a068     ntoskrnl:ntoskrnl.exe
 0002:00000070       __imp_KeReleaseSpinLockFromDpcLevel 000000018000a070     ntoskrnl:ntoskrnl.exe
 0002:00000078       __imp_IofCompleteRequest   000000018000a078     ntoskrnl:ntoskrnl.exe
 0002:00000080       __imp_IoReleaseRemoveLockEx 000000018000a080     ntoskrnl:ntoskrnl.exe
 0002:00000088       __imp_ObfDereferenceObject 000000018000a088     ntoskrnl:ntoskrnl.exe
 0002:00000090       __imp_PsGetThreadWin32Thread 000000018000a090     ntoskrnl:ntoskrnl.exe
 0002:00000098       __imp_ObReferenceObjectByName 000000018000a098     ntoskrnl:ntoskrnl.exe
 0002:000000a0       IoDriverObjectType         000000018000a0a0     ntoskrnl:ntoskrnl.exe
 0002:000000a0       __imp_IoDriverObjectType   000000018000a0a0     ntoskrnl:ntoskrnl.exe
 0002:000000a8       \177ntoskrnl_NULL_THUNK_DATA 000000018000a0a8     ntoskrnl:ntoskrnl.exe
 0002:000000b0       __real@00000000            000000018000a0b0     features.obj
 0002:000000b8       __real@0000000000000000    000000018000a0b8     features.obj
 0002:000000c0       __real@34000000            000000018000a0c0     features.obj
 0002:000000c4       __real@3c23d70a            000000018000a0c4     features.obj
 0002:000000c8       __real@3c5cdce5            000000018000a0c8     features.obj
 0002:000000cc       __real@3c8efa35            000000018000a0cc     features.obj
 0002:000000d0       __real@3cb43958            000000018000a0d0     features.obj
 0002:000000d4       __real@3d6b65aa            000000018000a0d4     features.obj
 0002:000000d8       __real@3df8476f            000000018000a0d8     features.obj
 0002:000000dc       __real@3e48533b            000000018000a0dc     features.obj
 0002:000000e0       __real@3e800000            000000018000a0e0     features.obj
 0002:000000e4       __real@3eaa7daa            000000018000a0e4     features.obj
 0002:000000e8       __real@3f000000            000000018000a0e8     features.obj
 0002:000000ec       __real@3f7fff58            000000018000a0ec     features.obj
 0002:000000f0       __real@3f800000            000000018000a0f0     features.obj
 0002:000000f4       __real@3fc90fa6            000000018000a0f4     features.obj
 0002:000000f8       __real@3ff0000000000000    000000018000a0f8     features.obj
 0002:00000100       __real@40000000            000000018000a100     features.obj
 0002:00000108       __real@4000000000000000    000000018000a108     features.obj
 0002:00000110       __real@40333333            000000018000a110     features.obj
 0002:00000114       __real@40490fd0            000000018000a114     features.obj
 0002:00000118       __real@40490fdb            000000018000a118     features.obj
 0002:0000011c       __real@42960000            000000018000a11c     features.obj
 0002:00000120       __real@42b20000            000000018000a120     features.obj
 0002:00000124       __real@42b40000            000000018000a124     features.obj
 0002:00000128       __real@42c80000            000000018000a128     features.obj
 0002:0000012c       __real@43340000            000000018000a12c     features.obj
 0002:00000130       __real@43870000            000000018000a130     features.obj
 0002:00000134       __real@43b40000            000000018000a134     features.obj
 0002:00000138       __real@bca3d70a            000000018000a138     features.obj
 0002:0000013c       __real@bcb43958            000000018000a13c     features.obj
 0002:00000140       __real@bd4ccccd            000000018000a140     features.obj
 0002:00000144       __real@bda3d70a            000000018000a144     features.obj
 0002:00000148       __real@bff0000000000000    000000018000a148     features.obj
 0002:00000150       __real@c2b20000            000000018000a150     features.obj
 0002:00000154       __real@c2c80000            000000018000a154     features.obj
 0002:00000160       __xmm@7fffffff7fffffff7fffffff7fffffff 000000018000a160     features.obj
 0002:00000170       __xmm@80000000000000008000000000000000 000000018000a170     features.obj
 0002:00000180       __xmm@80000000800000008000000080000000 000000018000a180     features.obj
 0003:00000010       ?gEfiLoadedImageProtocolGuid@@3UGUID@@A 000000018000b010     main.obj
 0003:00000020       ?gEfiMemoryAttributesTableGuid@@3UGUID@@A 000000018000b020     main.obj
 0003:00000040       __isa_info                 000000018000b040     ntoskrnl:cpuinfo.obj
 0003:00000118       ?weapon_class@features@@3W4WEAPON_CLASS@cs@@A 000000018000b118     features.obj
 0003:0000011c       ?b_aimbot_button@features@@3HA 000000018000b11c     features.obj
 0003:00000120       ?b_triggerbot_button@features@@3HA 000000018000b120     features.obj
 0003:00000170       ?NtUserGetForegroundWindow@gdi@@3P6APEAUHWND__@@XZEA 000000018000b170     gdi.obj
 0003:00000178       ?NtUserGetDC@gdi@@3P6APEAUHDC__@@PEAUHWND__@@@ZEA 000000018000b178     gdi.obj
 0003:00000180       ?NtUserGetDCEx@gdi@@3P6APEAUHDC__@@PEAUHWND__@@PEAXK@ZEA 000000018000b180     gdi.obj
 0003:00000188       ?NtGdiSelectBrush@gdi@@3P6APEAUHBRUSH__@@PEAUHDC__@@PEAU2@@ZEA 000000018000b188     gdi.obj
 0003:00000190       ?NtGdiPatBlt@gdi@@3P6AHPEAUHDC__@@HHHHK@ZEA 000000018000b190     gdi.obj
 0003:00000198       ?NtUserReleaseDC@gdi@@3P6AHPEAUHDC__@@@ZEA 000000018000b198     gdi.obj
 0003:000001a0       ?NtGdiCreateSolidBrush@gdi@@3P6APEAUHBRUSH__@@KPEAU2@@ZEA 000000018000b1a0     gdi.obj
 0003:000001a8       ?NtGdiDeleteObjectApp@gdi@@3P6AHPEAX@ZEA 000000018000b1a8     gdi.obj
 0003:000001b0       ?NtGdiExtTextOutW@gdi@@3P6AHPEAUHDC__@@HHIPEAUtagRECT@@PEAGHPEAHK@ZEA 000000018000b1b0     gdi.obj
 0003:000001b8       ?NtGdiHfontCreate@gdi@@3P6APEAUHFONT__@@PEAUtagENUMLOGFONTEXDVW@@KKKPEAX@ZEA 000000018000b1b8     gdi.obj
 0003:000001c0       ?NtGdiSelectFont@gdi@@3P6APEAUHFONT__@@PEAUHDC__@@PEAU2@@ZEA 000000018000b1c0     gdi.obj
 0003:000001c8       ?init_status@gdi@@3HA      000000018000b1c8     gdi.obj
 0003:000001d0       _fltused                   000000018000b1d0     kernel.obj
 0003:000001d4       ?PsGetThreadWin32ThreadOffset@km@@3KA 000000018000b1d4     kernel.obj
 0003:000001d8       NtUserPeekMessage          000000018000b1d8     kernel.obj
 0003:000001e0       _KeAcquireSpinLockAtDpcLevel 000000018000b1e0     kernel.obj
 0003:000001e8       _KeReleaseSpinLockFromDpcLevel 000000018000b1e8     kernel.obj
 0003:000001f0       _IofCompleteRequest        000000018000b1f0     kernel.obj
 0003:000001f8       _IoReleaseRemoveLockEx     000000018000b1f8     kernel.obj
 0003:00000200       ?memcpy_safe@km@@3P6AJPEAX0K@ZEA 000000018000b200     kernel.obj
 0003:00000208       ?gMouseObject@@3U_MOUSE_OBJECT@@A 000000018000b208     kernel.obj
 0003:00000228       ?gST@@3PEAUEFI_SYSTEM_TABLE@@EA 000000018000b228     main.obj
 0003:00000230       ?gBS@@3PEAUEFI_BOOT_SERVICES@@EA 000000018000b230     main.obj
 0003:00000238       ?gRT@@3PEAUEFI_RUNTIME_SERVICES@@EA 000000018000b238     main.obj
 0003:00000240       EfiBaseAddress             000000018000b240     main.obj
 0003:00000248       EfiBaseSize                000000018000b248     main.obj
 0003:00000250       GlobalStatusVariable       000000018000b250     main.obj
 0003:00000258       ntoskrnl_base              000000018000b258     main.obj
 0003:00000260       mTable                     000000018000b260     main.obj
 0003:00000268       BlMmMapPhysicalAddressEx   000000018000b268     main.obj
 0003:00000270       BlMmUnmapVirtualAddressEx  000000018000b270     main.obj
 0003:00000278       oAllocatePages             000000018000b278     main.obj
 0003:00000280       oExitBootServices          000000018000b280     main.obj
 0003:00000288       ?BlMmMapPhysicalAddressExOriginal@@3PAEA 000000018000b288     main.obj
 0005:00000000       __IMPORT_DESCRIPTOR_ntoskrnl 000000018000d000     ntoskrnl:ntoskrnl.exe
 0005:00000014       __NULL_IMPORT_DESCRIPTOR   000000018000d014     ntoskrnl:ntoskrnl.exe

 entry point at        0001:00006cb0

 Static symbols

 0001:00000000       $$000000                   0000000180001000     mouse.obj
 0001:00000ab4       ?get_interface@cs@@YA_K_KPEBD@Z 0000000180001ab4 f   cs.obj
 0001:000015e0       ?initialize@cs@@YAHXZ      00000001800025e0 f   cs.obj
 0001:00003814       ?esp@features@@YAX_K0Uvec3@@@Z 0000000180004814 f   features.obj
 0001:00003b24       ?get_best_target@features@@YAXH_K0KUvec2@@PEA_K@Z 0000000180004b24 f   features.obj
 0001:00003ea0       ?get_target_angle@features@@YA?AUvec3@@_KU2@KUvec2@@@Z 0000000180004ea0 f   features.obj
 0001:00004048       ?has_target_event@features@@YAX_K0MUvec2@@Uvec3@@12@Z 0000000180005048 f   features.obj
 0001:000063c0       ?move@mouse@@YAXJJG@Z      00000001800073c0 f   kernel.obj
 0001:0000642c       ?open@mouse@@YAHXZ         000000018000742c f   kernel.obj
 0001:00007480       $$000000                   0000000180008480     ntoskrnl:memcpy.obj
 0001:000074a0       mcpy00                     00000001800084a0     ntoskrnl:memcpy.obj
 0001:000074c0       mcpy10                     00000001800084c0     ntoskrnl:memcpy.obj
 0001:000074da       mcpy20                     00000001800084da     ntoskrnl:memcpy.obj
 0001:000074e0       mcpy30                     00000001800084e0     ntoskrnl:memcpy.obj
 0001:00007500       xcpy00                     0000000180008500     ntoskrnl:memcpy.obj
 0001:00007531       xcpy10                     0000000180008531     ntoskrnl:memcpy.obj
 0001:00007580       xcpy13                     0000000180008580     ntoskrnl:memcpy.obj
 0001:000075af       xcpy15                     00000001800085af     ntoskrnl:memcpy.obj
 0001:000075d1       xcpy20                     00000001800085d1     ntoskrnl:memcpy.obj
 0001:000075e5       xcpy30                     00000001800085e5     ntoskrnl:memcpy.obj
 0001:00007600       lcpy00                     0000000180008600     ntoskrnl:memcpy.obj
 0001:00007640       lcpy10                     0000000180008640     ntoskrnl:memcpy.obj
 0001:00007680       xmov00                     0000000180008680     ntoskrnl:memcpy.obj
 0001:000076ad       xmov10                     00000001800086ad     ntoskrnl:memcpy.obj
 0001:000076c0       xmov13                     00000001800086c0     ntoskrnl:memcpy.obj
 0001:000076ef       xmov15                     00000001800086ef     ntoskrnl:memcpy.obj
 0001:00007711       xmov20                     0000000180008711     ntoskrnl:memcpy.obj
 0001:00007726       xmov30                     0000000180008726     ntoskrnl:memcpy.obj
 0001:00007740       $$000000                   0000000180008740     ntoskrnl:memset.obj
 0001:00007762       mset10                     0000000180008762     ntoskrnl:memset.obj
 0001:00007778       mset20                     0000000180008778     ntoskrnl:memset.obj
 0001:000077a1       mset30                     00000001800087a1     ntoskrnl:memset.obj
 0001:000077d0       mset45                     00000001800087d0     ntoskrnl:memset.obj
 0001:000077d6       mset46                     00000001800087d6     ntoskrnl:memset.obj
 0001:00007800       mset47                     0000000180008800     ntoskrnl:memset.obj
 0001:00007830       mset48                     0000000180008830     ntoskrnl:memset.obj
 0001:00007846       mset50                     0000000180008846     ntoskrnl:memset.obj
 0001:00007880       $$000000                   0000000180008880     ntoskrnl:memset.obj
 0001:0000788a       repmovs10                  000000018000888a     ntoskrnl:memset.obj
 0001:000078bc       repmovs20                  00000001800088bc     ntoskrnl:memset.obj
 0001:00007900       $$000000                   0000000180008900     ntoskrnl:memset.obj
 0002:00000190       $unwind$?get_crosshairalpha@cs@@YAHXZ 000000018000a190     cs.obj
 0002:00000190       $unwind$?get_current_ms@engine@cs@@YAKXZ 000000018000a190     cs.obj
 0002:00000190       $unwind$?get_dormant@node@cs@@YAE_K@Z 000000018000a190     cs.obj
 0002:00000190       $unwind$?get_health@player@cs@@YAK_K@Z 000000018000a190     cs.obj
 0002:00000190       $unwind$?get_hwnd@sdl@cs@@YA_K_K@Z 000000018000a190     cs.obj
 0002:00000190       $unwind$?get_life_state@player@cs@@YAH_K@Z 000000018000a190     cs.obj
 0002:00000190       $unwind$?get_local_player_controller@entity@cs@@YA_KXZ 000000018000a190     cs.obj
 0002:00000190       $unwind$?get_node@player@cs@@YA_K_K@Z 000000018000a190     cs.obj
 0002:00000190       $unwind$?get_shots_fired@player@cs@@YAK_K@Z 000000018000a190     cs.obj
 0002:00000190       $unwind$?get_team_num@player@cs@@YAK_K@Z 000000018000a190     cs.obj
 0002:00000190       $unwind$?get_viewangle@player@cs@@YA?AUvec2@@_K@Z 000000018000a190     cs.obj
 0002:00000190       $unwind$?get_window@sdl@cs@@YA_KXZ 000000018000a190     cs.obj
 0002:00000190       $unwind$?get_window_data@sdl@cs@@YA_K_K@Z 000000018000a190     cs.obj
 0002:00000190       $unwind$?update_settings@features@@YAXXZ 000000018000a190     features.obj
 0002:00000190       $unwind$?initialize@km@@YAE_K@Z 000000018000a190     kernel.obj
 0002:00000190       $unwind$?read_i32w@vmwin@@YA_KPEAX_K@Z 000000018000a190     vm.obj
 0002:00000190       $unwind$?read_i64@vm@@YA_KPEAX_K@Z 000000018000a190     vm.obj
 0002:0000019c       $unwind$?get_origin@node@cs@@YA?AUvec3@@_K@Z 000000018000a19c     cs.obj
 0002:0000019c       $unwind$?get_origin@player@cs@@YA?AUvec3@@_K@Z 000000018000a19c     cs.obj
 0002:0000019c       $unwind$?get_window_info@sdl@cs@@YAH_KPEAUWINDOW_INFO@2@@Z 000000018000a19c     cs.obj
 0002:000001a8       $unwind$?get_convar@engine@cs@@YA_KPEBD@Z 000000018000a1a8     cs.obj
 0002:000001c4       $unwind$?get_client_entity@entity@cs@@YA_KH@Z 000000018000a1c4     cs.obj
 0002:000001c4       $unwind$?get_interface_function@cs@@YA_K_KK@Z 000000018000a1c4     cs.obj
 0002:000001c4       $unwind$?get_player@entity@cs@@YA_K_K@Z 000000018000a1c4     cs.obj
 0002:000001c4       $unwind$?get_viewmatrix@engine@cs@@YA?AUview_matrix_t@@XZ 000000018000a1c4     cs.obj
 0002:000001c4       $unwind$?is_button_down@input@cs@@YAHK@Z 000000018000a1c4     cs.obj
 0002:000001c4       $unwind$?is_ffa@gamemode@cs@@YAHXZ 000000018000a1c4     cs.obj
 0002:000001c4       $unwind$?is_player@entity@cs@@YAH_K@Z 000000018000a1c4     cs.obj
 0002:000001c4       $unwind$?running@vm@@YAHPEAX@Z 000000018000a1c4     vm.obj
 0002:000001d0       $unwind$?get_sensitivity@mouse@cs@@YAMXZ 000000018000a1d0     cs.obj
 0002:000001e0       $unwind$?get_vec_view@player@cs@@YAM_K@Z 000000018000a1e0     cs.obj
 0002:000001f0       $unwind$?get_eye_position@player@cs@@YA?AUvec3@@_K@Z 000000018000a1f0     cs.obj
 0002:00000200       $unwind$?get_fov_multipler@player@cs@@YAM_K@Z 000000018000a200     cs.obj
 0002:00000210       $unwind$?get_vec_punch@player@cs@@YA?AUvec2@@_K@Z 000000018000a210     cs.obj
 0002:0000021c       $unwind$?get_weapon_class@player@cs@@YA?AW4WEAPON_CLASS@2@_K@Z 000000018000a21c     cs.obj
 0002:00000234       $unwind$?is_valid@player@cs@@YAH_K0@Z 000000018000a234     cs.obj
 0002:00000234       $unwind$?PsGetThreadWin32ThreadHook@km@@YA_K_K@Z 000000018000a234     kernel.obj
 0002:00000234       $unwind$?read@vm@@YAHPEAX_K01@Z 000000018000a234     vm.obj
 0002:00000234       $unwind$?scan_pattern_direct@vmwin@@YA_KPEAX_KPEBD2K@Z 000000018000a234     vm.obj
 0002:00000248       $unwind$?get_bone_position@node@cs@@YAH_KHPEAUvec3@@@Z 000000018000a248     cs.obj
 0002:00000258       $unwind$?initialize@cs@@YAHXZ 000000018000a258     cs.obj
 0002:00000270       $unwind$?get_interface@cs@@YA_K_KPEBD@Z 000000018000a270     cs.obj
 0002:0000028c       $unwind$?qatan2@math@@YAMMM@Z 000000018000a28c     features.obj
 0002:000002a0       $unwind$?qsin@math@@YANN@Z 000000018000a2a0     features.obj
 0002:000002b4       $unwind$?qcos@math@@YANN@Z 000000018000a2b4     features.obj
 0002:000002c8       $unwind$?vec_angles@math@@YAXUvec3@@PEAU2@@Z 000000018000a2c8     features.obj
 0002:000002e8       $unwind$?vec_delta@math@@YA?AUvec3@@U2@0@Z 000000018000a2e8     features.obj
 0002:000002f4       $unwind$?vec_atd@math@@YA?AUvec3@@U2@@Z 000000018000a2f4     features.obj
 0002:00000310       $unwind$?vec_min_max@math@@YA_NUvec3@@000M@Z 000000018000a310     features.obj
 0002:00000350       $unwind$?run@features@@YAXXZ 000000018000a350     features.obj
 0002:00000394       $unwind$?has_target_event@features@@YAX_K0MUvec2@@Uvec3@@12@Z 000000018000a394     features.obj
 0002:000003b0       $unwind$?get_target_angle@features@@YA?AUvec3@@_KU2@KUvec2@@@Z 000000018000a3b0     features.obj
 0002:000003d0       $unwind$?get_best_target@features@@YAXH_K0KUvec2@@PEA_K@Z 000000018000a3d0     features.obj
 0002:00000408       $unwind$?esp@features@@YAX_K0Uvec3@@@Z 000000018000a408     features.obj
 0002:00000444       $unwind$?get_module@vmwin@@YA_KPEAXPEBD@Z 000000018000a444     vm.obj
 0002:00000464       $unwind$?get_module_export@vmwin@@YA_KPEAX_KPEBD@Z 000000018000a464     vm.obj
 0002:00000488       $unwind$?dump_module@vmwin@@YAPEAXPEAX_KW4VM_MODULE_TYPE@@@Z 000000018000a488     vm.obj
 0002:000004a4       $unwind$?scan_pattern@vmwin@@YA_KPEAXPEBD1_K@Z 000000018000a4a4     vm.obj
 0002:000004c4       $unwind$?init@gdi@@YAHXZ   000000018000a4c4     gdi.obj
 0002:000004d4       $unwind$?FrameRect@gdi@@YA_NPEAUHDC__@@PEBUtagRECT@@PEAUHBRUSH__@@H@Z 000000018000a4d4     gdi.obj
 0002:000004f4       $unwind$?DrawRect@gdi@@YAXPEAXJJJJEEE@Z 000000018000a4f4     gdi.obj
 0002:00000510       $unwind$?GetModuleEntry@@YA_KPEBG@Z 000000018000a510     gdi.obj
 0002:0000051c       $unwind$?GetProcAddressQ@@YA_K_KPEBD@Z 000000018000a51c     gdi.obj
 0002:00000530       $unwind$?move@mouse@@YAXJJG@Z 000000018000a530     kernel.obj
 0002:0000053c       $unwind$?open@mouse@@YAHXZ 000000018000a53c     kernel.obj
 0002:00000550       $unwind$?memcpy_impl@km@@YAHPEAXPEBX_K@Z 000000018000a550     kernel.obj
 0002:0000055c       $unwind$ExitBootServicesHook 000000018000a55c     main.obj
 0002:00000570       $unwind$AllocatePagesHook  000000018000a570     main.obj
 0002:0000058c       $unwind$AllocateImage      000000018000a58c     main.obj
 0002:000005ac       $unwind$?PressAnyKey@@YAXXZ 000000018000a5ac     main.obj
 0002:000005b8       $unwind$EfiMain            000000018000a5b8     main.obj
 0002:000005cc       $unwind$?BlMmMapPhysicalAddressExHook@@YA_JPEA_J_J_KID@Z 000000018000a5cc     main.obj
 0002:000005e4       $unwind$?RtlFindExportedRoutineByName@@YA_K_KPEBD@Z 000000018000a5e4     main.obj
 0002:000005f8       $unwind$?GetMemoryAttributesTable@@YAPEAKPEA_K@Z 000000018000a5f8     main.obj
 0002:0000060c       $unwind$?EfiGetSystemTable@@YA_J_KPEA_K1@Z 000000018000a60c     main.obj
 0002:0000061c       $unwind$?FindPattern@@YA_K_KPEAE1@Z 000000018000a61c     utils.obj
 0002:0000063c       $unwind$?FindPatternEx@@YAPEAXPEAE_K00@Z 000000018000a63c     utils.obj
 0002:00000650       $unwind$?pe_resolve_imports@@YAH_K0@Z 000000018000a650     utils.obj
 0002:0000066c       $unwind$?GetExportByName@@YA_K_KPEBD@Z 000000018000a66c     utils.obj
 0002:00000688       $xdatasym$memcpy           000000018000a688     ntoskrnl:memcpy.obj
 0002:00000688       $xdatasym$memset           000000018000a688     ntoskrnl:memset.obj
 0002:00000690       $xdatasym$__memset_repmovs 000000018000a690     ntoskrnl:memset.obj
 0002:000006a0       $xdatasym$__memset_query   000000018000a6a0     ntoskrnl:memset.obj
 0002:000006b4       $unwind$__cpu_features_init 000000018000a6b4     ntoskrnl:cpuinfo.obj
 0003:00000000       WPP_RECORDER_INITIALIZED   000000018000b000     mouse.obj
 0003:00000008       WPP_GLOBAL_Control         000000018000b008     mouse.obj
 0003:00000050       ?game_handle@cs@@3PEAXEA   000000018000b050     cs.obj
 0003:00000058       ?sdl_window@sdl@cs@@3_KA   000000018000b058     cs.obj
 0003:00000060       ?sdl_mouse@sdl@cs@@3_KA    000000018000b060     cs.obj
 0003:00000068       ?resource@interfaces@cs@@3_KA 000000018000b068     cs.obj
 0003:00000070       ?entity@interfaces@cs@@3_KA 000000018000b070     cs.obj
 0003:00000078       ?cvar@interfaces@cs@@3_KA  000000018000b078     cs.obj
 0003:00000080       ?input@interfaces@cs@@3_KA 000000018000b080     cs.obj
 0003:00000088       ?player@interfaces@cs@@3_KA 000000018000b088     cs.obj
 0003:00000090       ?local_player@direct@cs@@3_KA 000000018000b090     cs.obj
 0003:00000098       ?view_angles@direct@cs@@3_KA 000000018000b098     cs.obj
 0003:000000a0       ?view_matrix@direct@cs@@3_KA 000000018000b0a0     cs.obj
 0003:000000a8       ?button_state@direct@cs@@3KA 000000018000b0a8     cs.obj
 0003:000000ac       ?m_flFOVSensitivityAdjust@netvars@cs@@3HA 000000018000b0ac     cs.obj
 0003:000000b0       ?previous_xy@direct@cs@@3_KA 000000018000b0b0     cs.obj
 0003:000000b8       ?sensitivity@convars@cs@@3_KA 000000018000b0b8     cs.obj
 0003:000000c0       ?mp_teammates_are_enemies@convars@cs@@3_KA 000000018000b0c0     cs.obj
 0003:000000c8       ?cl_crosshairalpha@convars@cs@@3_KA 000000018000b0c8     cs.obj
 0003:000000d0       ?m_pGameSceneNode@netvars@cs@@3HA 000000018000b0d0     cs.obj
 0003:000000d4       ?m_iHealth@netvars@cs@@3HA 000000018000b0d4     cs.obj
 0003:000000d8       ?m_lifeState@netvars@cs@@3HA 000000018000b0d8     cs.obj
 0003:000000dc       ?m_iTeamNum@netvars@cs@@3HA 000000018000b0dc     cs.obj
 0003:000000e0       ?m_vecViewOffset@netvars@cs@@3HA 000000018000b0e0     cs.obj
 0003:000000e4       ?m_vecOrigin@netvars@cs@@3HA 000000018000b0e4     cs.obj
 0003:000000e8       ?m_bDormant@netvars@cs@@3HA 000000018000b0e8     cs.obj
 0003:000000ec       ?m_hPawn@netvars@cs@@3HA   000000018000b0ec     cs.obj
 0003:000000f0       ?m_modelState@netvars@cs@@3HA 000000018000b0f0     cs.obj
 0003:000000f4       ?m_aimPunchCache@netvars@cs@@3HA 000000018000b0f4     cs.obj
 0003:000000f8       ?m_iShotsFired@netvars@cs@@3HA 000000018000b0f8     cs.obj
 0003:000000fc       ?m_angEyeAngles@netvars@cs@@3HA 000000018000b0fc     cs.obj
 0003:00000100       ?m_iIDEntIndex@netvars@cs@@3HA 000000018000b100     cs.obj
 0003:00000104       ?m_vOldOrigin@netvars@cs@@3HA 000000018000b104     cs.obj
 0003:00000108       ?m_pClippingWeapon@netvars@cs@@3HA 000000018000b108     cs.obj
 0003:0000010c       ?v_angle@netvars@cs@@3HA   000000018000b10c     cs.obj
 0003:00000110       ?offset@?1??get_current_ms@engine@cs@@YAKXZ@4KA 000000018000b110     cs.obj
 0003:00000114       ?$S1@?1??get_current_ms@engine@cs@@YAKXZ@4IA 000000018000b114     cs.obj
 0003:00000124       ?mouse_down_ms@features@@3KA 000000018000b124     features.obj
 0003:00000128       ?mouse_up_ms@features@@3KA 000000018000b128     features.obj
 0003:0000012c       ?aimbot_active@features@@3HA 000000018000b12c     features.obj
 0003:00000130       ?rcs_old_punch@features@@3Uvec2@@A 000000018000b130     features.obj
 0003:00000138       ?aimbot_target@features@@3_KA 000000018000b138     features.obj
 0003:00000140       ?aimbot_bone@features@@3HA 000000018000b140     features.obj
 0003:00000144       ?aimbot_ms@features@@3KA   000000018000b144     features.obj
 0003:00000148       ?event_state@features@@3HA 000000018000b148     features.obj
 0003:0000014c       ?rcs@config@@3HA           000000018000b14c     features.obj
 0003:00000150       ?aimbot_enabled@config@@3HA 000000018000b150     features.obj
 0003:00000154       ?aimbot_button@config@@3KA 000000018000b154     features.obj
 0003:00000158       ?aimbot_fov@config@@3MA    000000018000b158     features.obj
 0003:0000015c       ?aimbot_smooth@config@@3MA 000000018000b15c     features.obj
 0003:00000160       ?aimbot_multibone@config@@3HA 000000018000b160     features.obj
 0003:00000164       ?triggerbot_button@config@@3KA 000000018000b164     features.obj
 0003:00000168       ?visuals_enabled@config@@3HA 000000018000b168     features.obj
 0005:000002c0       .idata$6                   000000018000d2c0     ntoskrnl:ntoskrnl.exe
